// Jest Snapshot v1, https://goo.gl/fbAQLP

exports[`TheFooter renders properly 1`] = `"<footer class=\\"bg-white\\"><div class=\\"container mx-auto px-8\\"><div class=\\"w-full flex flex-col md:flex-row py-6\\"><div class=\\"flex-1 mb-6\\"><logo-stub></logo-stub></div> <div class=\\"flex-1\\"><p class=\\"uppercase text-gray md:mb-6\\">Links</p> <ul class=\\"list-reset mb-6\\"><li class=\\"mt-2 inline-block mr-2 md:block md:mr-0\\"><a href=\\"#\\" class=\\"no-underline hover:underline text-gray-800 hover:text-orange\\">FAQ</a></li> <li class=\\"mt-2 inline-block mr-2 md:block md:mr-0\\"><a href=\\"#\\" class=\\"no-underline hover:underline text-gray-800 hover:text-orange\\">Help</a></li> <li class=\\"mt-2 inline-block mr-2 md:block md:mr-0\\"><a href=\\"#\\" class=\\"no-underline hover:underline text-gray-800 hover:text-orange\\">Support</a></li></ul></div> <div class=\\"flex-1\\"><p class=\\"uppercase text-gray md:mb-6\\">Legal</p> <ul class=\\"list-reset mb-6\\"><li class=\\"mt-2 inline-block mr-2 md:block md:mr-0\\"><a href=\\"#\\" class=\\"no-underline hover:underline text-gray-800 hover:text-orange\\">Terms</a></li> <li class=\\"mt-2 inline-block mr-2 md:block md:mr-0\\"><a href=\\"#\\" class=\\"no-underline hover:underline text-gray-800 hover:text-orange\\">Privacy</a></li></ul></div> <div class=\\"flex-1\\"><p class=\\"uppercase text-gray md:mb-6\\">Social</p> <ul class=\\"list-reset mb-6\\"><li class=\\"mt-2 inline-block mr-2 md:block md:mr-0\\"><a href=\\"#\\" class=\\"no-underline hover:underline text-gray-800 hover:text-orange\\">Facebook</a></li> <li class=\\"mt-2 inline-block mr-2 md:block md:mr-0\\"><a href=\\"#\\" class=\\"no-underline hover:underline text-gray-800 hover:text-orange\\">Linkedin</a></li> <li class=\\"mt-2 inline-block mr-2 md:block md:mr-0\\"><a href=\\"#\\" class=\\"no-underline hover:underline text-gray-800 hover:text-orange\\">Twitter</a></li></ul></div> <div class=\\"flex-1\\"><p class=\\"uppercase text-gray md:mb-6\\">Company</p> <ul class=\\"list-reset mb-6\\"><li class=\\"mt-2 inline-block mr-2 md:block md:mr-0\\"><a href=\\"#\\" class=\\"no-underline hover:underline text-gray-800 hover:text-orange\\">Official Blog</a></li> <li class=\\"mt-2 inline-block mr-2 md:block md:mr-0\\"><a href=\\"#\\" class=\\"no-underline hover:underline text-gray-800 hover:text-orange\\">About Us</a></li> <li class=\\"mt-2 inline-block mr-2 md:block md:mr-0\\"><a href=\\"#\\" class=\\"no-underline hover:underline text-gray-800 hover:text-orange\\">Contact</a></li></ul></div></div></div> <a href=\\"https://www.freepik.com/free-photos-vectors/background\\">Background vector created by freepik - www.freepik.com</a></footer>"`;
